2026-01-21T16:20:15.921-06:00  INFO 9248 --- [ResumeMatcher] [main] c.e.R.ResumeMatcherApplication           : Starting ResumeMatcherApplication using Java 21.0.5 with PID 9248 (C:\Users\rakes\OneDrive\Desktop\Java and FrameWorks Notes\ResumeJobDescriptionMatcherProject\ResumeAnalyzer\target\classes started by rakes in C:\Users\rakes\OneDrive\Desktop\Java and FrameWorks Notes\ResumeJobDescriptionMatcherProject\ResumeAnalyzer)
2026-01-21T16:20:15.932-06:00  INFO 9248 --- [ResumeMatcher] [main] c.e.R.ResumeMatcherApplication           : No active profile set, falling back to 1 default profile: "default"
2026-01-21T16:20:17.127-06:00  INFO 9248 --- [ResumeMatcher] [main] o.s.b.w.embedded.tomcat.TomcatWebServer  : Tomcat initialized with port 8080 (http)
2026-01-21T16:20:17.145-06:00  INFO 9248 --- [ResumeMatcher] [main] o.apache.catalina.core.StandardService   : Starting service [Tomcat]
2026-01-21T16:20:17.145-06:00  INFO 9248 --- [ResumeMatcher] [main] o.apache.catalina.core.StandardEngine    : Starting Servlet engine: [Apache Tomcat/10.1.48]
2026-01-21T16:20:17.219-06:00  INFO 9248 --- [ResumeMatcher] [main] o.a.c.c.C.[Tomcat].[localhost].[/]       : Initializing Spring embedded WebApplicationContext
2026-01-21T16:20:17.219-06:00  INFO 9248 --- [ResumeMatcher] [main] w.s.c.ServletWebServerApplicationContext : Root WebApplicationContext: initialization completed in 1215 ms
2026-01-21T16:20:17.567-06:00  INFO 9248 --- [ResumeMatcher] [main] o.s.b.a.w.s.WelcomePageHandlerMapping    : Adding welcome page: class path resource [static/index.html]
2026-01-21T16:20:17.870-06:00  INFO 9248 --- [ResumeMatcher] [main] o.s.b.w.embedded.tomcat.TomcatWebServer  : Tomcat started on port 8080 (http) with context path '/'
2026-01-21T16:20:17.880-06:00  INFO 9248 --- [ResumeMatcher] [main] c.e.R.ResumeMatcherApplication           : Started ResumeMatcherApplication in 2.473 seconds (process running for 2.877)
2026-01-21T16:20:42.473-06:00  INFO 8344 --- [ResumeMatcher] [main] c.e.R.ResumeMatcherApplication           : Starting ResumeMatcherApplication using Java 21.0.5 with PID 8344 (C:\Users\rakes\OneDrive\Desktop\Java and FrameWorks Notes\ResumeJobDescriptionMatcherProject\ResumeAnalyzer\target\classes started by rakes in C:\Users\rakes\OneDrive\Desktop\Java and FrameWorks Notes\ResumeJobDescriptionMatcherProject\ResumeAnalyzer)
2026-01-21T16:20:42.475-06:00  INFO 8344 --- [ResumeMatcher] [main] c.e.R.ResumeMatcherApplication           : No active profile set, falling back to 1 default profile: "default"
2026-01-21T16:20:43.083-06:00  INFO 8344 --- [ResumeMatcher] [main] o.s.b.w.embedded.tomcat.TomcatWebServer  : Tomcat initialized with port 8080 (http)
2026-01-21T16:20:43.097-06:00  INFO 8344 --- [ResumeMatcher] [main] o.apache.catalina.core.StandardService   : Starting service [Tomcat]
2026-01-21T16:20:43.097-06:00  INFO 8344 --- [ResumeMatcher] [main] o.apache.catalina.core.StandardEngine    : Starting Servlet engine: [Apache Tomcat/10.1.48]
2026-01-21T16:20:43.161-06:00  INFO 8344 --- [ResumeMatcher] [main] o.a.c.c.C.[Tomcat].[localhost].[/]       : Initializing Spring embedded WebApplicationContext
2026-01-21T16:20:43.162-06:00  INFO 8344 --- [ResumeMatcher] [main] w.s.c.ServletWebServerApplicationContext : Root WebApplicationContext: initialization completed in 651 ms
2026-01-21T16:20:43.409-06:00  INFO 8344 --- [ResumeMatcher] [main] o.s.b.a.w.s.WelcomePageHandlerMapping    : Adding welcome page: class path resource [static/index.html]
2026-01-21T16:20:43.600-06:00  WARN 8344 --- [ResumeMatcher] [main] ConfigServletWebServerApplicationContext : Exception encountered during context initialization - cancelling refresh attempt: org.springframework.context.ApplicationContextException: Failed to start bean 'webServerStartStop'
2026-01-21T16:20:43.624-06:00  INFO 8344 --- [ResumeMatcher] [main] .s.b.a.l.ConditionEvaluationReportLogger : 

Error starting ApplicationContext. To display the condition evaluation report re-run your application with 'debug' enabled.
2026-01-21T16:20:43.649-06:00 ERROR 8344 --- [ResumeMatcher] [main] o.s.b.d.LoggingFailureAnalysisReporter   : 

***************************
APPLICATION FAILED TO START
***************************

Description:

Web server failed to start. Port 8080 was already in use.

Action:

Identify and stop the process that's listening on port 8080 or configure this application to listen on another port.

2026-01-21T16:21:11.578-06:00  INFO 19332 --- [ResumeMatcher] [main] c.e.R.ResumeMatcherApplication           : Starting ResumeMatcherApplication using Java 21.0.5 with PID 19332 (C:\Users\rakes\OneDrive\Desktop\Java and FrameWorks Notes\ResumeJobDescriptionMatcherProject\ResumeAnalyzer\target\classes started by rakes in C:\Users\rakes\OneDrive\Desktop\Java and FrameWorks Notes\ResumeJobDescriptionMatcherProject\ResumeAnalyzer)
2026-01-21T16:21:11.582-06:00  INFO 19332 --- [ResumeMatcher] [main] c.e.R.ResumeMatcherApplication           : No active profile set, falling back to 1 default profile: "default"
2026-01-21T16:21:12.213-06:00  INFO 19332 --- [ResumeMatcher] [main] o.s.b.w.embedded.tomcat.TomcatWebServer  : Tomcat initialized with port 8080 (http)
2026-01-21T16:21:12.218-06:00  INFO 19332 --- [ResumeMatcher] [main] o.apache.catalina.core.StandardService   : Starting service [Tomcat]
2026-01-21T16:21:12.226-06:00  INFO 19332 --- [ResumeMatcher] [main] o.apache.catalina.core.StandardEngine    : Starting Servlet engine: [Apache Tomcat/10.1.48]
2026-01-21T16:21:12.281-06:00  INFO 19332 --- [ResumeMatcher] [main] o.a.c.c.C.[Tomcat].[localhost].[/]       : Initializing Spring embedded WebApplicationContext
2026-01-21T16:21:12.282-06:00  INFO 19332 --- [ResumeMatcher] [main] w.s.c.ServletWebServerApplicationContext : Root WebApplicationContext: initialization completed in 666 ms
2026-01-21T16:21:12.524-06:00  INFO 19332 --- [ResumeMatcher] [main] o.s.b.a.w.s.WelcomePageHandlerMapping    : Adding welcome page: class path resource [static/index.html]
2026-01-21T16:21:12.703-06:00  INFO 19332 --- [ResumeMatcher] [main] o.s.b.w.embedded.tomcat.TomcatWebServer  : Tomcat started on port 8080 (http) with context path '/'
2026-01-21T16:21:12.713-06:00  INFO 19332 --- [ResumeMatcher] [main] c.e.R.ResumeMatcherApplication           : Started ResumeMatcherApplication in 1.493 seconds (process running for 1.798)
